L251 LINKER/LOCATER V4.58                                                               11/03/2014  14:57:28  PAGE 1


L251 LINKER/LOCATER V4.58, INVOKED BY:
C:\KEIL\C251\BIN\L251.EXE START251.obj, main.obj, monitor.obj, init.obj, trap.obj, uart.obj TO TEST CLASSES (DATA (D:000
>> 0H-D:007FH), IDATA (I:0000H-I:00FFH), EDATA (D:001000H-D:0017FFH), XDATA (D:010000H-D:0103FFH), CODE (FF0000H-FF0FFFH
>> ), CODE (FF1000H-FF9FFFH), CODE (FFA000H-FFBFFFH), HCONST (FFC000H-FFC1FFH), HCONST (FFC000H-FFC3FFH)) SEGMENTS (?STA
>> CK (0X001680))


CPU MODE:     251 SOURCE MODE
INTR FRAME:   2 BYTES SAVED ON INTERRUPT
MEMORY MODEL: SMALL


INPUT MODULES INCLUDED:
  START251.obj (?C_START)
         COMMENT TYPE 0: A251 V4.63.0.1
  main.obj (main)
         COMMENT TYPE 0: C251 V5.50a
  monitor.obj (monitor)
         COMMENT TYPE 0: A251 V4.63.0.1
  init.obj (init)
         COMMENT TYPE 0: C251 V5.50a
  trap.obj (trap)
         COMMENT TYPE 0: C251 V5.50a
  uart.obj (uart)
         COMMENT TYPE 0: C251 V5.50a


ACTIVE MEMORY CLASSES OF MODULE:  TEST (?C_START)

BASE        START       END         USED      MEMORY CLASS
==========================================================
000000H     000000H     00007FH     00000BH   DATA
000000H     000000H     0000FFH               IDATA
000000H     001000H     0017FFH     000100H   EDATA
010000H     010000H     0103FFH               XDATA
FF0000H     FF0000H     FF0FFFH     0002C2H   CODE
            FF1000H     FF9FFFH                 
            FFA000H     FFBFFFH                 
000000H     FFC000H     FFC1FFH               HCONST
            FFC000H     FFC3FFH                 


MEMORY MAP OF MODULE:  TEST (?C_START)


START     STOP      LENGTH    ALIGN  RELOC    MEMORY CLASS   SEGMENT NAME
=========================================================================
000000H   000007H   000008H   ---    AT..     DATA           "REG BANK 0"
000008H   00000AH   000003H   BYTE   UNIT     DATA           _DATA_GROUP_
00000BH   00167FH   001675H   ---    ---      **GAP**
001680H   00177FH   000100H   BYTE   UNIT     EDATA          ?STACK
001780H   FEFFFFH   FEE880H   ---    ---      **GAP**
FF0000H   FF0002H   000003H   ---    OFFS..   CODE           ?CO?START251?4
FF0003H   FF0005H   000003H   ---    OFFS..   CODE           ?PR?IV?0
FF0006H   FF0008H   000003H   BYTE   INSEG    CODE           ?PR?INIT_SYS?INIT
FF0009H   FF0009H   000001H   BYTE   INSEG    CODE           ?PR?EINT0_ISR?TRAP
FF000AH   FF000AH   000001H   BYTE   INSEG    CODE           ?PR?EINT1_ISR?TRAP
FF000BH   FF000DH   000003H   ---    OFFS..   CODE           ?PR?IV?1
FF000EH   FF000EH   000001H   BYTE   INSEG    CODE           ?PR?EINT2_ISR?TRAP
FF000FH   FF000FH   000001H   BYTE   INSEG    CODE           ?PR?EINT3_ISR?TRAP
FF0010H   FF0010H   000001H   BYTE   INSEG    CODE           ?PR?NMI_ISR?TRAP
FF0011H   FF0011H   000001H   BYTE   INSEG    CODE           ?PR?EINT4_ISR?TRAP
FF0012H   FF0012H   000001H   BYTE   INSEG    CODE           ?PR?EINT5_ISR?TRAP
FF0013H   FF0015H   000003H   ---    OFFS..   CODE           ?PR?IV?2
FF0016H   FF0016H   000001H   BYTE   INSEG    CODE           ?PR?EINT6_ISR?TRAP
FF0017H   FF0017H   000001H   BYTE   INSEG    CODE           ?PR?PCA_ISR?TRAP
L251 LINKER/LOCATER V4.58                                                             11/03/2014  14:57:28  PAGE 2


FF0018H   FF0018H   000001H   BYTE   INSEG    CODE           ?PR?ES_ISR?TRAP
FF0019H   FF0019H   000001H   BYTE   INSEG    CODE           ?PR?INT0_ISR?TRAP
FF001AH   FF001AH   000001H   BYTE   INSEG    CODE           ?PR?INT1_ISR?TRAP
FF001BH   FF001DH   000003H   ---    OFFS..   CODE           ?PR?IV?3
FF001EH   FF0022H   000005H   ---    ---      **GAP**
FF0023H   FF0025H   000003H   ---    OFFS..   CODE           ?PR?IV?4
FF0026H   FF002AH   000005H   ---    ---      **GAP**
FF002BH   FF002DH   000003H   ---    OFFS..   CODE           ?PR?IV?5
FF002EH   FF0032H   000005H   ---    ---      **GAP**
FF0033H   FF0035H   000003H   ---    OFFS..   CODE           ?PR?IV?6
FF0036H   FF003AH   000005H   ---    ---      **GAP**
FF003BH   FF003DH   000003H   ---    OFFS..   CODE           ?PR?IV?7
FF003EH   FF0042H   000005H   ---    ---      **GAP**
FF0043H   FF0045H   000003H   ---    OFFS..   CODE           ?PR?IV?8
FF0046H   FF004AH   000005H   ---    ---      **GAP**
FF004BH   FF004DH   000003H   ---    OFFS..   CODE           ?PR?IV?9
FF004EH   FF0052H   000005H   ---    ---      **GAP**
FF0053H   FF0055H   000003H   ---    OFFS..   CODE           ?PR?IV?10
FF0056H   FF005AH   000005H   ---    ---      **GAP**
FF005BH   FF005DH   000003H   ---    OFFS..   CODE           ?PR?IV?11
FF005EH   FF0062H   000005H   ---    ---      **GAP**
FF0063H   FF0065H   000003H   ---    OFFS..   CODE           ?PR?IV?12
FF0066H   FF006AH   000005H   ---    ---      **GAP**
FF006BH   FF006DH   000003H   ---    OFFS..   CODE           ?PR?IV?13
FF006EH   FF0072H   000005H   ---    ---      **GAP**
FF0073H   FF0075H   000003H   ---    OFFS..   CODE           ?PR?IV?14
FF0076H   FF007AH   000005H   ---    ---      **GAP**
FF007BH   FF007DH   000003H   ---    OFFS..   CODE           ?CO?monitor?1
FF007EH   FF00BFH   000042H   BYTE   INSEG    CODE           ?PR?MAIN?MAIN
FF00C0H   FF00E7H   000028H   BYTE   INSEG    CODE           ?PR?DELAY?MAIN
FF00E8H   FF010BH   000024H   BYTE   INSEG    CODE           ?PR?INIT_UART_PAD?UART
FF010CH   FF0128H   00001DH   BYTE   INSEG    CODE           ?PR?INIT_CLK?INIT
FF0129H   FF0144H   00001CH   BYTE   INSEG    CODE           ?PR?INIT_INT?INIT
FF0145H   FF015CH   000018H   BYTE   INSEG    CODE           ?PR?INIT_UART01?UART
FF015DH   FF016FH   000013H   BYTE   INSEG    CODE           ?PR?INIT_SYSWDT?INIT
FF0170H   FF017BH   00000CH   BYTE   INSEG    CODE           ?PR?UARTREC_0?UART
FF017CH   FF0187H   00000CH   BYTE   INSEG    CODE           ?PR?UARTTX_0?UART
FF0188H   FF0192H   00000BH   BYTE   INSEG    CODE           ?PR?TIMER0_ISR?TRAP
FF0193H   FF0199H   000007H   BYTE   UNIT     CODE           ?C_C51STARTUP
FF019AH   FF019CH   000003H   BYTE   UNIT     CODE           ?C_C51STARTUP?3
FF019DH   FF01A6H   00000AH   BYTE   INSEG    CODE           ?PR?INIT_F251WDT?INIT
FF01A7H   FF01AFH   000009H   BYTE   INSEG    CODE           ?PR?TIMER1_ISR?TRAP
FF01B0H   FF01B6H   000007H   BYTE   INSEG    CODE           ?PR?WDT_CLR?INIT
FF01B7H   FF01BDH   000007H   BYTE   INSEG    CODE           ?PR?INIT_IO_PAD?INIT
FF01BEH   FF01C4H   000007H   BYTE   INSEG    CODE           ?PR?TIMER2_ISR?TRAP
FF01C5H   FF0DFFH   000C3BH   ---    ---      **GAP**
FF0E00H   FF0E65H   000066H   ---    OFFS..   CODE           ?CO?monitor?2
FF0E66H   FF0E7AH   000015H   ---    ---      **GAP**
FF0E7BH   FF0F4DH   0000D3H   ---    OFFS..   CODE           ?CO?monitor?3



OVERLAY MAP OF MODULE:   TEST (?C_START)


FUNCTION/MODULE              BIT_GROUP   DATA_GROUP 
--> CALLED FUNCTION/MODULE  START  STOP  START  STOP
====================================================
?C_C51STARTUP               ----- -----  ----- -----

*** NEW ROOT **************

?C_C51STARTUP?3             ----- -----  ----- -----
  +--> main/main

L251 LINKER/LOCATER V4.58                                                             11/03/2014  14:57:28  PAGE 3


main/main                   ----- -----  0008H 0008H
  +--> INIT_CLK/init
  +--> INIT_SYS/init
  +--> INIT_INT/init
  +--> INIT_IO_PAD/init
  +--> INIT_UART_PAD/uart
  +--> INIT_UART01/uart
  +--> UartTx_0/uart
  +--> WDT_CLR/init
  +--> UartRec_0/uart
  +--> delay/main

INIT_CLK/init               ----- -----  ----- -----

INIT_SYS/init               ----- -----  ----- -----
  +--> INIT_SYSWDT/init

INIT_SYSWDT/init            ----- -----  ----- -----

INIT_INT/init               ----- -----  ----- -----

INIT_IO_PAD/init            ----- -----  ----- -----

INIT_UART_PAD/uart          ----- -----  ----- -----

INIT_UART01/uart            ----- -----  ----- -----

UartTx_0/uart               ----- -----  ----- -----

WDT_CLR/init                ----- -----  ----- -----

UartRec_0/uart              ----- -----  ----- -----

delay/main                  ----- -----  0009H 000AH
  +--> WDT_CLR/init

*** NEW ROOT **************

Timer0_ISR/trap             ----- -----  ----- -----

*** NEW ROOT **************

Timer1_ISR/trap             ----- -----  ----- -----

*** NEW ROOT **************

Timer2_ISR/trap             ----- -----  ----- -----

*** NEW ROOT **************

Eint0_ISR/trap              ----- -----  ----- -----

*** NEW ROOT **************

Eint1_ISR/trap              ----- -----  ----- -----

*** NEW ROOT **************

Eint2_ISR/trap              ----- -----  ----- -----

*** NEW ROOT **************

Eint3_ISR/trap              ----- -----  ----- -----

*** NEW ROOT **************
L251 LINKER/LOCATER V4.58                                                             11/03/2014  14:57:28  PAGE 4



nmi_ISR/trap                ----- -----  ----- -----

*** NEW ROOT **************

Eint4_ISR/trap              ----- -----  ----- -----

*** NEW ROOT **************

Eint5_ISR/trap              ----- -----  ----- -----

*** NEW ROOT **************

Eint6_ISR/trap              ----- -----  ----- -----

*** NEW ROOT **************

PCA_ISR/trap                ----- -----  ----- -----

*** NEW ROOT **************

es_ISR/trap                 ----- -----  ----- -----

*** NEW ROOT **************

Int0_ISR/trap               ----- -----  ----- -----

*** NEW ROOT **************

Int1_ISR/trap               ----- -----  ----- -----



PUBLIC SYMBOLS OF MODULE:  TEST (?C_START)


      VALUE       CLASS    TYPE      PUBLIC SYMBOL NAME
      =================================================
      000000FFH   NUMBER   ---       ?C?CODESEG
      00FF0000H   CODE     ---       ?C?STARTUP
      00000001H   NUMBER   ---       ?C?XDATASEG
      00FF0000H   CODE     ---       ?C_STARTUP
*SFR* 000000D0H.6 DATA     BIT       AC
*SFR* 000000E0H   DATA     BYTE      ACC
*SFR* 000000E8H   DATA     BYTE      AIE
*SFR* 000000E8H   DATA     BIT       AIE0
*SFR* 000000E8H.1 DATA     BIT       AIE1
*SFR* 000000E8H.2 DATA     BIT       AIE2
*SFR* 000000E8H.3 DATA     BIT       AIE3
*SFR* 000000E8H.4 DATA     BIT       AIE4
*SFR* 000000E8H.5 DATA     BIT       AIE5
*SFR* 000000E8H.6 DATA     BIT       AIE6
*SFR* 000000C0H   DATA     BYTE      AIF
*SFR* 000000F8H   DATA     BYTE      AIPL
*SFR* 000000F0H   DATA     BYTE      B
*SFR* 0000008EH   DATA     BYTE      BIRD_CTRLSTS
*SFR* 000000C8H.1 DATA     BIT       C_T2
*SFR* 000000FAH   DATA     BYTE      CCAP0H
*SFR* 000000EAH   DATA     BYTE      CCAP0L
*SFR* 000000FBH   DATA     BYTE      CCAP1H
*SFR* 000000EBH   DATA     BYTE      CCAP1L
*SFR* 000000FCH   DATA     BYTE      CCAP2H
*SFR* 000000ECH   DATA     BYTE      CCAP2L
*SFR* 000000FDH   DATA     BYTE      CCAP3H
*SFR* 000000EDH   DATA     BYTE      CCAP3L
L251 LINKER/LOCATER V4.58                                                             11/03/2014  14:57:28  PAGE 5


*SFR* 000000FEH   DATA     BYTE      CCAP4H
*SFR* 000000EEH   DATA     BYTE      CCAP4L
*SFR* 000000DAH   DATA     BYTE      CCAPM0
*SFR* 000000DBH   DATA     BYTE      CCAPM1
*SFR* 000000DCH   DATA     BYTE      CCAPM2
*SFR* 000000DDH   DATA     BYTE      CCAPM3
*SFR* 000000DEH   DATA     BYTE      CCAPM4
*SFR* 000000D8H   DATA     BIT       CCF0
*SFR* 000000D8H.1 DATA     BIT       CCF1
*SFR* 000000D8H.2 DATA     BIT       CCF2
*SFR* 000000D8H.3 DATA     BIT       CCF3
*SFR* 000000D8H.4 DATA     BIT       CCF4
*SFR* 000000D8H   DATA     BYTE      CCON
*SFR* 00000090H.3 DATA     BIT       CEX0
*SFR* 00000090H.4 DATA     BIT       CEX1
*SFR* 00000090H.5 DATA     BIT       CEX2
*SFR* 00000090H.6 DATA     BIT       CEX3
*SFR* 00000090H.7 DATA     BIT       CEX4
*SFR* 000000D8H.7 DATA     BIT       CF
*SFR* 000000F9H   DATA     BYTE      CH
*SFR* 000000E9H   DATA     BYTE      CL
*SFR* 000000D9H   DATA     BYTE      CMOD
*SFR* 000000C8H   DATA     BIT       CP_RL2
*SFR* 000000D8H.6 DATA     BIT       CR
*SFR* 000000D0H.7 DATA     BIT       CY
*SFR* 0000008FH   DATA     BYTE      DATA_REG
      00FF00C0H   CODE     ---       delay
*SFR* 00000083H   DATA     BYTE      DPH
*SFR* 00000082H   DATA     BYTE      DPL
*SFR* 00000084H   DATA     BYTE      DPXL
*SFR* 000000A8H.7 DATA     BIT       EA
*SFR* 000000A8H.6 DATA     BIT       EC
*SFR* 00000090H.2 DATA     BIT       ECI
      00FF0009H   CODE     ---       Eint0_ISR
      00FF000AH   CODE     ---       Eint1_ISR
      00FF000EH   CODE     ---       Eint2_ISR
      00FF000FH   CODE     ---       Eint3_ISR
      00FF0011H   CODE     ---       Eint4_ISR
      00FF0012H   CODE     ---       Eint5_ISR
      00FF0016H   CODE     ---       Eint6_ISR
*SFR* 000000A8H.4 DATA     BIT       ES
      00FF0018H   CODE     ---       es_ISR
*SFR* 000000A8H.1 DATA     BIT       ET0
*SFR* 000000A8H.3 DATA     BIT       ET1
*SFR* 000000A8H.5 DATA     BIT       ET2
*SFR* 000000A8H   DATA     BIT       EX0
*SFR* 000000A8H.2 DATA     BIT       EX1
*SFR* 000000C8H.3 DATA     BIT       EXEN2
*SFR* 000000C8H.6 DATA     BIT       EXF2
*SFR* 000000D0H.5 DATA     BIT       F0
*SFR* 00000098H.7 DATA     BIT       FE
*SFR* 000000A8H   DATA     BYTE      IE
*SFR* 000000A8H   DATA     BYTE      IE0
*SFR* 00000088H.1 DATA     BIT       IE0_
*SFR* 000000B1H   DATA     BYTE      IE1
*SFR* 00000088H.3 DATA     BIT       IE1_
      00FF010CH   CODE     ---       INIT_CLK
      00FF019DH   CODE     ---       INIT_F251WDT
      00FF0129H   CODE     ---       INIT_INT
      00FF01B7H   CODE     ---       INIT_IO_PAD
      00FF0006H   CODE     ---       INIT_SYS
      00FF015DH   CODE     ---       INIT_SYSWDT
      00FF0145H   CODE     ---       INIT_UART01
      00FF00E8H   CODE     ---       INIT_UART_PAD
*SFR* 000000B0H.2 DATA     BIT       INT0
L251 LINKER/LOCATER V4.58                                                             11/03/2014  14:57:28  PAGE 6


      00FF0019H   CODE     ---       Int0_ISR
*SFR* 000000B0H.3 DATA     BIT       INT1
      00FF001AH   CODE     ---       Int1_ISR
*SFR* 000000B7H   DATA     BYTE      IPH0
*SFR* 000000B8H   DATA     BYTE      IPL
*SFR* 000000B8H   DATA     BYTE      IPL0
*SFR* 00000088H   DATA     BIT       IT0
*SFR* 00000088H.2 DATA     BIT       IT1
      00FF007EH   CODE     ---       MAIN
      00FF0010H   CODE     ---       nmi_ISR
*SFR* 000000D0H.2 DATA     BIT       OV
*SFR* 000000D0H   DATA     BIT       P
*SFR* 00000080H   DATA     BYTE      P0
*SFR* 00000090H   DATA     BYTE      P1
*SFR* 000000A0H   DATA     BYTE      P2
*SFR* 000000B0H   DATA     BYTE      P3
      00FF0017H   CODE     ---       PCA_ISR
*SFR* 00000087H   DATA     BYTE      PCON
*SFR* 000000B8H.6 DATA     BIT       PPC
*SFR* 000000B8H.4 DATA     BIT       PS
*SFR* 000000D0H   DATA     BYTE      PSW
*SFR* 000000D1H   DATA     BYTE      PSW1
*SFR* 000000B8H.1 DATA     BIT       PT0
*SFR* 000000B8H.3 DATA     BIT       PT1
*SFR* 000000B8H.5 DATA     BIT       PT2
*SFR* 000000B8H   DATA     BIT       PX0
*SFR* 000000B8H.2 DATA     BIT       PX1
*SFR* 00000098H.2 DATA     BIT       RB8
*SFR* 000000CBH   DATA     BYTE      RCAP2H
*SFR* 000000CAH   DATA     BYTE      RCAP2L
*SFR* 000000C8H.5 DATA     BIT       RCLK
*SFR* 000000B0H.7 DATA     BIT       RD
*SFR* 00000098H.4 DATA     BIT       REN
*SFR* 00000098H   DATA     BIT       RI
*SFR* 000000D0H.3 DATA     BIT       RS0
*SFR* 000000D0H.4 DATA     BIT       RS1
*SFR* 000000B0H   DATA     BIT       RXD
*SFR* 000000A9H   DATA     BYTE      SADDR
*SFR* 000000B9H   DATA     BYTE      SADEN
*SFR* 00000099H   DATA     BYTE      SBUF
*SFR* 00000098H   DATA     BYTE      SCON
*SFR* 00000098H.7 DATA     BIT       SM0
*SFR* 00000098H.6 DATA     BIT       SM1
*SFR* 00000098H.5 DATA     BIT       SM2
*SFR* 00000081H   DATA     BYTE      SP
*SFR* 000000BEH   DATA     BYTE      SPH
*SFR* 000000B0H.4 DATA     BIT       T0
*SFR* 000000B0H.5 DATA     BIT       T1
*SFR* 00000090H   DATA     BIT       T2
*SFR* 000000C8H   DATA     BYTE      T2CON
*SFR* 00000090H.1 DATA     BIT       T2EX
*SFR* 000000C9H   DATA     BYTE      T2MOD
*SFR* 00000098H.3 DATA     BIT       TB8
*SFR* 000000C8H.4 DATA     BIT       TCLK
*SFR* 00000088H   DATA     BYTE      TCON
*SFR* 00000088H.5 DATA     BIT       TF0
*SFR* 00000088H.7 DATA     BIT       TF1
*SFR* 000000C8H.7 DATA     BIT       TF2
*SFR* 0000008CH   DATA     BYTE      TH0
*SFR* 0000008DH   DATA     BYTE      TH1
*SFR* 000000CDH   DATA     BYTE      TH2
*SFR* 00000098H.1 DATA     BIT       TI
      00FF0188H   CODE     ---       Timer0_ISR
      00FF01A7H   CODE     ---       Timer1_ISR
      00FF01BEH   CODE     ---       Timer2_ISR
L251 LINKER/LOCATER V4.58                                                             11/03/2014  14:57:28  PAGE 7


*SFR* 0000008AH   DATA     BYTE      TL0
*SFR* 0000008BH   DATA     BYTE      TL1
*SFR* 000000CCH   DATA     BYTE      TL2
*SFR* 00000089H   DATA     BYTE      TMOD
*SFR* 00000088H.4 DATA     BIT       TR0
*SFR* 00000088H.6 DATA     BIT       TR1
*SFR* 000000C8H.2 DATA     BIT       TR2
*SFR* 000000B0H.1 DATA     BIT       TXD
      00FF0170H   CODE     ---       UartRec_0
      00FF017CH   CODE     ---       UartTx_0
      00FF01B0H   CODE     ---       WDT_CLR
*SFR* 000000A5H   DATA     BYTE      WDTCON
*SFR* 000000A6H   DATA     BYTE      WDTRST
*SFR* 000000B0H.6 DATA     BIT       WR



SYMBOL TABLE OF MODULE:  TEST (?C_START)

      VALUE       REP       CLASS    TYPE      SYMBOL NAME
      ====================================================
      ---         MODULE    ---      ---       ?C_START
      00FF0000H   PUBLIC    CODE     ---       ?C?STARTUP
      00FF0000H   PUBLIC    CODE     ---       ?C_STARTUP
      000000D0H.6 SFRSYM    DATA     BIT       AC
      000000E0H   SFRSYM    DATA     BYTE      ACC
      000000F0H   SFRSYM    DATA     BYTE      B
      000000FAH   SFRSYM    DATA     BYTE      CCAP0H
      000000EAH   SFRSYM    DATA     BYTE      CCAP0L
      000000FBH   SFRSYM    DATA     BYTE      CCAP1H
      000000EBH   SFRSYM    DATA     BYTE      CCAP1L
      000000FCH   SFRSYM    DATA     BYTE      CCAP2H
      000000ECH   SFRSYM    DATA     BYTE      CCAP2L
      000000FDH   SFRSYM    DATA     BYTE      CCAP3H
      000000EDH   SFRSYM    DATA     BYTE      CCAP3L
      000000FEH   SFRSYM    DATA     BYTE      CCAP4H
      000000EEH   SFRSYM    DATA     BYTE      CCAP4L
      000000DAH   SFRSYM    DATA     BYTE      CCAPM0
      000000DBH   SFRSYM    DATA     BYTE      CCAPM1
      000000DCH   SFRSYM    DATA     BYTE      CCAPM2
      000000DDH   SFRSYM    DATA     BYTE      CCAPM3
      000000DEH   SFRSYM    DATA     BYTE      CCAPM4
      000000D8H   SFRSYM    DATA     BIT       CCF0
      000000D8H.1 SFRSYM    DATA     BIT       CCF1
      000000D8H.2 SFRSYM    DATA     BIT       CCF2
      000000D8H.3 SFRSYM    DATA     BIT       CCF3
      000000D8H.4 SFRSYM    DATA     BIT       CCF4
      000000D8H   SFRSYM    DATA     BYTE      CCON
      00000090H.3 SFRSYM    DATA     BIT       CEX0
      00000090H.4 SFRSYM    DATA     BIT       CEX1
      00000090H.5 SFRSYM    DATA     BIT       CEX2
      00000090H.6 SFRSYM    DATA     BIT       CEX3
      00000090H.7 SFRSYM    DATA     BIT       CEX4
      000000D8H.7 SFRSYM    DATA     BIT       CF
      000000F9H   SFRSYM    DATA     BYTE      CH
      000000E9H   SFRSYM    DATA     BYTE      CL
      000000D9H   SFRSYM    DATA     BYTE      CMOD
      000000C8H   SFRSYM    DATA     BIT       CP_RL2
      000000D8H.6 SFRSYM    DATA     BIT       CR
      000000D0H.7 SFRSYM    DATA     BIT       CY
      000000C8H.1 SFRSYM    DATA     BIT       C_T2
      00000083H   SFRSYM    DATA     BYTE      DPH
      00000082H   SFRSYM    DATA     BYTE      DPL
      00000084H   SFRSYM    DATA     BYTE      DPXL
      000000A8H.7 SFRSYM    DATA     BIT       EA
L251 LINKER/LOCATER V4.58                                                             11/03/2014  14:57:28  PAGE 8


      000000A8H.6 SFRSYM    DATA     BIT       EC
      00000090H.2 SFRSYM    DATA     BIT       ECI
      000000A8H.4 SFRSYM    DATA     BIT       ES
      000000A8H.1 SFRSYM    DATA     BIT       ET0
      000000A8H.3 SFRSYM    DATA     BIT       ET1
      000000A8H.5 SFRSYM    DATA     BIT       ET2
      000000A8H   SFRSYM    DATA     BIT       EX0
      000000A8H.2 SFRSYM    DATA     BIT       EX1
      000000C8H.3 SFRSYM    DATA     BIT       EXEN2
      000000C8H.6 SFRSYM    DATA     BIT       EXF2
      000000D0H.5 SFRSYM    DATA     BIT       F0
      00000098H.7 SFRSYM    DATA     BIT       FE
      000000A8H   SFRSYM    DATA     BYTE      IE0
      00000088H.1 SFRSYM    DATA     BIT       IE0_
      000000B1H   SFRSYM    DATA     BYTE      IE1
      00000088H.3 SFRSYM    DATA     BIT       IE1_
      000000B0H.2 SFRSYM    DATA     BIT       INT0
      000000B0H.3 SFRSYM    DATA     BIT       INT1
      000000B7H   SFRSYM    DATA     BYTE      IPH0
      000000B8H   SFRSYM    DATA     BYTE      IPL0
      00000088H   SFRSYM    DATA     BIT       IT0
      00000088H.2 SFRSYM    DATA     BIT       IT1
      000000D0H.2 SFRSYM    DATA     BIT       OV
      000000D0H   SFRSYM    DATA     BIT       P
      00000080H   SFRSYM    DATA     BYTE      P0
      00000090H   SFRSYM    DATA     BYTE      P1
      000000A0H   SFRSYM    DATA     BYTE      P2
      000000B0H   SFRSYM    DATA     BYTE      P3
      00000087H   SFRSYM    DATA     BYTE      PCON
      000000B8H.6 SFRSYM    DATA     BIT       PPC
      000000B8H.4 SFRSYM    DATA     BIT       PS
      000000D0H   SFRSYM    DATA     BYTE      PSW
      000000D1H   SFRSYM    DATA     BYTE      PSW1
      000000B8H.1 SFRSYM    DATA     BIT       PT0
      000000B8H.3 SFRSYM    DATA     BIT       PT1
      000000B8H.5 SFRSYM    DATA     BIT       PT2
      000000B8H   SFRSYM    DATA     BIT       PX0
      000000B8H.2 SFRSYM    DATA     BIT       PX1
      00000098H.2 SFRSYM    DATA     BIT       RB8
      000000CBH   SFRSYM    DATA     BYTE      RCAP2H
      000000CAH   SFRSYM    DATA     BYTE      RCAP2L
      000000C8H.5 SFRSYM    DATA     BIT       RCLK
      000000B0H.7 SFRSYM    DATA     BIT       RD
      00000098H.4 SFRSYM    DATA     BIT       REN
      00000098H   SFRSYM    DATA     BIT       RI
      000000D0H.3 SFRSYM    DATA     BIT       RS0
      000000D0H.4 SFRSYM    DATA     BIT       RS1
      000000B0H   SFRSYM    DATA     BIT       RXD
      000000A9H   SFRSYM    DATA     BYTE      SADDR
      000000B9H   SFRSYM    DATA     BYTE      SADEN
      00000099H   SFRSYM    DATA     BYTE      SBUF
      00000098H   SFRSYM    DATA     BYTE      SCON
      00000098H.7 SFRSYM    DATA     BIT       SM0
      00000098H.6 SFRSYM    DATA     BIT       SM1
      00000098H.5 SFRSYM    DATA     BIT       SM2
      00000081H   SFRSYM    DATA     BYTE      SP
      000000BEH   SFRSYM    DATA     BYTE      SPH
      000000B0H.4 SFRSYM    DATA     BIT       T0
      000000B0H.5 SFRSYM    DATA     BIT       T1
      00000090H   SFRSYM    DATA     BIT       T2
      000000C8H   SFRSYM    DATA     BYTE      T2CON
      00000090H.1 SFRSYM    DATA     BIT       T2EX
      000000C9H   SFRSYM    DATA     BYTE      T2MOD
      00000098H.3 SFRSYM    DATA     BIT       TB8
      000000C8H.4 SFRSYM    DATA     BIT       TCLK
L251 LINKER/LOCATER V4.58                                                             11/03/2014  14:57:28  PAGE 9


      00000088H   SFRSYM    DATA     BYTE      TCON
      00000088H.5 SFRSYM    DATA     BIT       TF0
      00000088H.7 SFRSYM    DATA     BIT       TF1
      000000C8H.7 SFRSYM    DATA     BIT       TF2
      0000008CH   SFRSYM    DATA     BYTE      TH0
      0000008DH   SFRSYM    DATA     BYTE      TH1
      000000CDH   SFRSYM    DATA     BYTE      TH2
      00000098H.1 SFRSYM    DATA     BIT       TI
      0000008AH   SFRSYM    DATA     BYTE      TL0
      0000008BH   SFRSYM    DATA     BYTE      TL1
      000000CCH   SFRSYM    DATA     BYTE      TL2
      00000089H   SFRSYM    DATA     BYTE      TMOD
      00000088H.4 SFRSYM    DATA     BIT       TR0
      00000088H.6 SFRSYM    DATA     BIT       TR1
      000000C8H.2 SFRSYM    DATA     BIT       TR2
      000000B0H.1 SFRSYM    DATA     BIT       TXD
      000000A6H   SFRSYM    DATA     BYTE      WDTRST
      000000B0H.6 SFRSYM    DATA     BIT       WR
      00000000H   SYMBOL    NUMBER   ---       EDATALEN
      00000001H   SYMBOL    NUMBER   ---       EDF
      00000001H   SYMBOL    NUMBER   ---       EMAP
      00000000H   SYMBOL    NUMBER   ---       HDATALEN
      00010000H   SYMBOL    NUMBER   ---       HDATASTART
      00000000H   SYMBOL    NUMBER   ---       IBPSTACK
      00000100H   SYMBOL    NUMBER   ---       IBPSTACKTOP
      00000001H   SYMBOL    NUMBER   ---       INTR
      00000001H   SYMBOL    NUMBER   ---       PAGM
      00000003H   SYMBOL    NUMBER   ---       RDRG
      00000001H   SYMBOL    NUMBER   ---       SRCM
      00000100H   SYMBOL    NUMBER   ---       STACKSIZE
      00FF0193H   SYMBOL    CODE     ---       STARTUP1
      00000003H   SYMBOL    NUMBER   ---       WSA
      00000003H   SYMBOL    NUMBER   ---       WSB
      00000001H   SYMBOL    NUMBER   ---       XALE
      00000000H   SYMBOL    NUMBER   ---       XBPSTACK
      00010000H   SYMBOL    NUMBER   ---       XBPSTACKTOP
      00000000H   SYMBOL    NUMBER   ---       XDATALEN
      00010000H   SYMBOL    NUMBER   ---       XDATASTART

      00FF0000H   BLOCK     CODE     NEAR LAB  LVL=0
      00FF0000H   LINE      CODE     ---       #184
      ---         BLOCKEND  ---      ---       LVL=0

      00FF0193H   BLOCK     CODE     NEAR LAB  LVL=0
      00FF0193H   LINE      CODE     ---       #190
      00FF0196H   LINE      CODE     ---       #237
      ---         BLOCKEND  ---      ---       LVL=0

      00FF019AH   BLOCK     CODE     NEAR LAB  LVL=0
      00FF019AH   LINE      CODE     ---       #240
      ---         BLOCKEND  ---      ---       LVL=0

      ---         MODULE    ---      ---       main
      00FF00C0H   PUBLIC    CODE     ---       delay
      00FF007EH   PUBLIC    CODE     ---       main
      000000D0H   SFRSYM    DATA     BYTE      PSW
      000000C8H   SFRSYM    DATA     BYTE      T2CON
      000000B8H   SFRSYM    DATA     BYTE      IPL
      000000C0H   SFRSYM    DATA     BYTE      AIF
      000000E8H   SFRSYM    DATA     BYTE      AIE
      000000E0H   SFRSYM    DATA     BYTE      ACC
      00000088H   SFRSYM    DATA     BYTE      TCON
      000000F8H   SFRSYM    DATA     BYTE      AIPL
      000000D8H   SFRSYM    DATA     BYTE      CCON
      000000A8H   SFRSYM    DATA     BYTE      IE
L251 LINKER/LOCATER V4.58                                                             11/03/2014  14:57:28  PAGE 10


      000000B0H   SFRSYM    DATA     BYTE      P3
      000000A0H   SFRSYM    DATA     BYTE      P2
      00000090H   SFRSYM    DATA     BYTE      P1
      00000080H   SFRSYM    DATA     BYTE      P0

      00FF00C0H   BLOCK     CODE     ---       LVL=0
      WR14        REGSYM    ---      WORD      dlength
      00FF00C4H   BLOCK     CODE     NEAR LAB  LVL=1
      WR12        REGSYM    ---      WORD      i
      00000009H   SYMBOL    DATA     WORD      j
      ---         BLOCKEND  ---      ---       LVL=1
      00FF00C0H   LINE      CODE     ---       #14
      00FF00C4H   LINE      CODE     ---       #15
      00FF00C4H   LINE      CODE     ---       #17
      00FF00C8H   LINE      CODE     ---       #19
      00FF00CBH   LINE      CODE     ---       #20
      00FF00D0H   LINE      CODE     ---       #22
      00FF00D1H   LINE      CODE     ---       #23
      00FF00DFH   LINE      CODE     ---       #24
      00FF00E5H   LINE      CODE     ---       #25
      ---         BLOCKEND  ---      ---       LVL=0

      00FF007EH   BLOCK     CODE     ---       LVL=0
      00000008H   SYMBOL    DATA     BYTE      tmp
      00FF007EH   LINE      CODE     ---       #26
      00FF007EH   LINE      CODE     ---       #27
      00FF007EH   LINE      CODE     ---       #31
      00FF0081H   LINE      CODE     ---       #32
      00FF0084H   LINE      CODE     ---       #34
      00FF0087H   LINE      CODE     ---       #37
      00FF008AH   LINE      CODE     ---       #38
      00FF0091H   LINE      CODE     ---       #40
      00FF0098H   LINE      CODE     ---       #41
      00FF009FH   LINE      CODE     ---       #44
      00FF00A2H   LINE      CODE     ---       #45
      00FF00A5H   LINE      CODE     ---       #46
      00FF00AAH   LINE      CODE     ---       #48
      00FF00AAH   LINE      CODE     ---       #50
      00FF00ADH   LINE      CODE     ---       #51
      00FF00B2H   LINE      CODE     ---       #52
      00FF00B7H   LINE      CODE     ---       #53
      00FF00BEH   LINE      CODE     ---       #54
      ---         BLOCKEND  ---      ---       LVL=0

      ---         MODULE    ---      ---       monitor
      000000D0H.6 SFRSYM    DATA     BIT       AC
      000000E0H   SFRSYM    DATA     BYTE      ACC
      000000F0H   SFRSYM    DATA     BYTE      B
      0000008EH   SFRSYM    DATA     BYTE      BIRD_CTRLSTS
      000000FAH   SFRSYM    DATA     BYTE      CCAP0H
      000000EAH   SFRSYM    DATA     BYTE      CCAP0L
      000000FBH   SFRSYM    DATA     BYTE      CCAP1H
      000000EBH   SFRSYM    DATA     BYTE      CCAP1L
      000000FCH   SFRSYM    DATA     BYTE      CCAP2H
      000000ECH   SFRSYM    DATA     BYTE      CCAP2L
      000000FDH   SFRSYM    DATA     BYTE      CCAP3H
      000000EDH   SFRSYM    DATA     BYTE      CCAP3L
      000000FEH   SFRSYM    DATA     BYTE      CCAP4H
      000000EEH   SFRSYM    DATA     BYTE      CCAP4L
      000000DAH   SFRSYM    DATA     BYTE      CCAPM0
      000000DBH   SFRSYM    DATA     BYTE      CCAPM1
      000000DCH   SFRSYM    DATA     BYTE      CCAPM2
      000000DDH   SFRSYM    DATA     BYTE      CCAPM3
      000000DEH   SFRSYM    DATA     BYTE      CCAPM4
      000000D8H   SFRSYM    DATA     BIT       CCF0
L251 LINKER/LOCATER V4.58                                                             11/03/2014  14:57:28  PAGE 11


      000000D8H.1 SFRSYM    DATA     BIT       CCF1
      000000D8H.2 SFRSYM    DATA     BIT       CCF2
      000000D8H.3 SFRSYM    DATA     BIT       CCF3
      000000D8H.4 SFRSYM    DATA     BIT       CCF4
      000000D8H   SFRSYM    DATA     BYTE      CCON
      00000090H.3 SFRSYM    DATA     BIT       CEX0
      00000090H.4 SFRSYM    DATA     BIT       CEX1
      00000090H.5 SFRSYM    DATA     BIT       CEX2
      00000090H.6 SFRSYM    DATA     BIT       CEX3
      00000090H.7 SFRSYM    DATA     BIT       CEX4
      000000D8H.7 SFRSYM    DATA     BIT       CF
      000000F9H   SFRSYM    DATA     BYTE      CH
      000000E9H   SFRSYM    DATA     BYTE      CL
      000000D9H   SFRSYM    DATA     BYTE      CMOD
      000000C8H   SFRSYM    DATA     BIT       CP_RL2
      000000D8H.6 SFRSYM    DATA     BIT       CR
      000000D0H.7 SFRSYM    DATA     BIT       CY
      000000C8H.1 SFRSYM    DATA     BIT       C_T2
      0000008FH   SFRSYM    DATA     BYTE      DATA_REG
      00000083H   SFRSYM    DATA     BYTE      DPH
      00000082H   SFRSYM    DATA     BYTE      DPL
      00000084H   SFRSYM    DATA     BYTE      DPXL
      000000A8H.7 SFRSYM    DATA     BIT       EA
      000000A8H.6 SFRSYM    DATA     BIT       EC
      00000090H.2 SFRSYM    DATA     BIT       ECI
      000000A8H.4 SFRSYM    DATA     BIT       ES
      000000A8H.1 SFRSYM    DATA     BIT       ET0
      000000A8H.3 SFRSYM    DATA     BIT       ET1
      000000A8H.5 SFRSYM    DATA     BIT       ET2
      000000A8H   SFRSYM    DATA     BIT       EX0
      000000A8H.2 SFRSYM    DATA     BIT       EX1
      000000C8H.3 SFRSYM    DATA     BIT       EXEN2
      000000C8H.6 SFRSYM    DATA     BIT       EXF2
      000000D0H.5 SFRSYM    DATA     BIT       F0
      00000098H.7 SFRSYM    DATA     BIT       FE
      000000A8H   SFRSYM    DATA     BYTE      IE0
      00000088H.1 SFRSYM    DATA     BIT       IE0_
      000000B1H   SFRSYM    DATA     BYTE      IE1
      00000088H.3 SFRSYM    DATA     BIT       IE1_
      000000B0H.2 SFRSYM    DATA     BIT       INT0
      000000B0H.3 SFRSYM    DATA     BIT       INT1
      000000B7H   SFRSYM    DATA     BYTE      IPH0
      000000B8H   SFRSYM    DATA     BYTE      IPL0
      00000088H   SFRSYM    DATA     BIT       IT0
      00000088H.2 SFRSYM    DATA     BIT       IT1
      000000D0H.2 SFRSYM    DATA     BIT       OV
      000000D0H   SFRSYM    DATA     BIT       P
      00000080H   SFRSYM    DATA     BYTE      P0
      00000090H   SFRSYM    DATA     BYTE      P1
      000000A0H   SFRSYM    DATA     BYTE      P2
      000000B0H   SFRSYM    DATA     BYTE      P3
      00000087H   SFRSYM    DATA     BYTE      PCON
      000000B8H.6 SFRSYM    DATA     BIT       PPC
      000000B8H.4 SFRSYM    DATA     BIT       PS
      000000D0H   SFRSYM    DATA     BYTE      PSW
      000000D1H   SFRSYM    DATA     BYTE      PSW1
      000000B8H.1 SFRSYM    DATA     BIT       PT0
      000000B8H.3 SFRSYM    DATA     BIT       PT1
      000000B8H.5 SFRSYM    DATA     BIT       PT2
      000000B8H   SFRSYM    DATA     BIT       PX0
      000000B8H.2 SFRSYM    DATA     BIT       PX1
      00000098H.2 SFRSYM    DATA     BIT       RB8
      000000CBH   SFRSYM    DATA     BYTE      RCAP2H
      000000CAH   SFRSYM    DATA     BYTE      RCAP2L
      000000C8H.5 SFRSYM    DATA     BIT       RCLK
L251 LINKER/LOCATER V4.58                                                             11/03/2014  14:57:28  PAGE 12


      000000B0H.7 SFRSYM    DATA     BIT       RD
      00000098H.4 SFRSYM    DATA     BIT       REN
      00000098H   SFRSYM    DATA     BIT       RI
      000000D0H.3 SFRSYM    DATA     BIT       RS0
      000000D0H.4 SFRSYM    DATA     BIT       RS1
      000000B0H   SFRSYM    DATA     BIT       RXD
      000000A9H   SFRSYM    DATA     BYTE      SADDR
      000000B9H   SFRSYM    DATA     BYTE      SADEN
      00000099H   SFRSYM    DATA     BYTE      SBUF
      00000098H   SFRSYM    DATA     BYTE      SCON
      00000098H.7 SFRSYM    DATA     BIT       SM0
      00000098H.6 SFRSYM    DATA     BIT       SM1
      00000098H.5 SFRSYM    DATA     BIT       SM2
      00000081H   SFRSYM    DATA     BYTE      SP
      000000BEH   SFRSYM    DATA     BYTE      SPH
      000000B0H.4 SFRSYM    DATA     BIT       T0
      000000B0H.5 SFRSYM    DATA     BIT       T1
      00000090H   SFRSYM    DATA     BIT       T2
      000000C8H   SFRSYM    DATA     BYTE      T2CON
      00000090H.1 SFRSYM    DATA     BIT       T2EX
      000000C9H   SFRSYM    DATA     BYTE      T2MOD
      00000098H.3 SFRSYM    DATA     BIT       TB8
      000000C8H.4 SFRSYM    DATA     BIT       TCLK
      00000088H   SFRSYM    DATA     BYTE      TCON
      00000088H.5 SFRSYM    DATA     BIT       TF0
      00000088H.7 SFRSYM    DATA     BIT       TF1
      000000C8H.7 SFRSYM    DATA     BIT       TF2
      0000008CH   SFRSYM    DATA     BYTE      TH0
      0000008DH   SFRSYM    DATA     BYTE      TH1
      000000CDH   SFRSYM    DATA     BYTE      TH2
      00000098H.1 SFRSYM    DATA     BIT       TI
      0000008AH   SFRSYM    DATA     BYTE      TL0
      0000008BH   SFRSYM    DATA     BYTE      TL1
      000000CCH   SFRSYM    DATA     BYTE      TL2
      00000089H   SFRSYM    DATA     BYTE      TMOD
      00000088H.4 SFRSYM    DATA     BIT       TR0
      00000088H.6 SFRSYM    DATA     BIT       TR1
      000000C8H.2 SFRSYM    DATA     BIT       TR2
      000000B0H.1 SFRSYM    DATA     BIT       TXD
      000000A6H   SFRSYM    DATA     BYTE      WDTRST
      000000B0H.6 SFRSYM    DATA     BIT       WR
      00000000H   SYMBOL    NUMBER   ---       BIT_CMD_AVAILABLE
      00000006H   SYMBOL    NUMBER   ---       BIT_GO_FCT
      00000002H   SYMBOL    NUMBER   ---       BIT_INTRMODE
      00000001H   SYMBOL    NUMBER   ---       BIT_RDY2WR
      00000004H   SYMBOL    NUMBER   ---       BIT_SOFTBKPSTS
      00000003H   SYMBOL    NUMBER   ---       BIT_WRITE
      00000080H   SYMBOL    NUMBER   ---       CLRSOFTBKPSTS
      00FF0E0CH   SYMBOL    CODE     ---       CMD_ANALYSIS
      00000040H   SYMBOL    NUMBER   ---       CMD_GO
      00000000H   SYMBOL    NUMBER   ---       CMD_READ
      00000008H   SYMBOL    NUMBER   ---       CMD_WRITE
      00000020H   SYMBOL    NUMBER   ---       CR_DATA
      00FF0EFBH   SYMBOL    CODE     ---       DATA_READ
      00FF0EF8H   SYMBOL    CODE     ---       DATA_SPACE
      00FF0F04H   SYMBOL    CODE     ---       DATA_WRITE
      00FF0E3FH   SYMBOL    CODE     ---       END_COMMAND
      00FF0EB6H   SYMBOL    CODE     ---       GO_FCT
      00FF0E00H   SYMBOL    CODE     ---       MAIN
      00FF0E7BH   SYMBOL    CODE     ---       READCONTEXT
      00FF0F10H   SYMBOL    CODE     ---       REG_READ
      00FF0F0DH   SYMBOL    CODE     ---       REG_SPACE
      00FF0E63H   SYMBOL    CODE     ---       REG_SPACE_I
      00FF0F24H   SYMBOL    CODE     ---       REG_WRITE
      00FF0F15H   SYMBOL    CODE     ---       SEND_DR4
L251 LINKER/LOCATER V4.58                                                             11/03/2014  14:57:28  PAGE 13


      00FF0EE3H   SYMBOL    CODE     ---       SFR_READ
      00FF0EE0H   SYMBOL    CODE     ---       SFR_SPACE
      00FF0EEFH   SYMBOL    CODE     ---       SFR_WRITE
      00000001H   SYMBOL    NUMBER   ---       SPACE_DATA
      00000002H   SYMBOL    NUMBER   ---       SPACE_REG
      00000000H   SYMBOL    NUMBER   ---       SPACE_SFR
      00FF0E5CH   SYMBOL    CODE     ---       TEST_DATA
      00FF0E55H   SYMBOL    CODE     ---       TEST_SFR
      00FF0E52H   SYMBOL    CODE     ---       TEST_SPACE
      00FF0EC9H   SYMBOL    CODE     ---       TWO_BYTES_STACK_RESTORE
      00FF0EA3H   SYMBOL    CODE     ---       TWO_BYTES_STACK_SAVE
      00FF0F38H   SYMBOL    CODE     ---       WAIT_BYTE_MACRO
      00FF0F3FH   SYMBOL    CODE     ---       WAIT_BYTE_MACRO_A
      00FF0E03H   SYMBOL    CODE     ---       WAIT_CMD
      00FF0F47H   SYMBOL    CODE     ---       WAIT_END_OF_WRITE_MACRO
      00FF0F27H   SYMBOL    CODE     ---       WRITE_DR4
      00000010H   SYMBOL    NUMBER   ---       XCH_DATA

      00FF007BH   BLOCK     CODE     NEAR LAB  LVL=0
      00FF007BH   LINE      CODE     ---       #38
      ---         BLOCKEND  ---      ---       LVL=0

      00FF0E00H   BLOCK     CODE     NEAR LAB  LVL=0
      00FF0E00H   LINE      CODE     ---       #45
      00FF0E03H   LINE      CODE     ---       #55
      00FF0E06H   LINE      CODE     ---       #57
      00FF0E09H   LINE      CODE     ---       #58
      00FF0E0CH   LINE      CODE     ---       #63
      00FF0E0FH   LINE      CODE     ---       #64
      00FF0E12H   LINE      CODE     ---       #67
      00FF0E15H   LINE      CODE     ---       #72
      00FF0E18H   LINE      CODE     ---       #73
      00FF0E1BH   LINE      CODE     ---       #75
      00FF0E1EH   LINE      CODE     ---       #77
      00FF0E21H   LINE      CODE     ---       #81
      00FF0E24H   LINE      CODE     ---       #82
      00FF0E27H   LINE      CODE     ---       #83
      00FF0E2AH   LINE      CODE     ---       #84
      00FF0E2DH   LINE      CODE     ---       #85
      00FF0E30H   LINE      CODE     ---       #86
      00FF0E33H   LINE      CODE     ---       #91
      00FF0E36H   LINE      CODE     ---       #93
      00FF0E39H   LINE      CODE     ---       #96
      00FF0E3CH   LINE      CODE     ---       #98
      00FF0E3FH   LINE      CODE     ---       #101
      00FF0E41H   LINE      CODE     ---       #102
      00FF0E42H   LINE      CODE     ---       #106
      00FF0E45H   LINE      CODE     ---       #108
      00FF0E48H   LINE      CODE     ---       #111
      00FF0E4BH   LINE      CODE     ---       #114
      00FF0E4FH   LINE      CODE     ---       #115
      00FF0E52H   LINE      CODE     ---       #119
      00FF0E55H   LINE      CODE     ---       #121
      00FF0E59H   LINE      CODE     ---       #122
      00FF0E5CH   LINE      CODE     ---       #125
      00FF0E60H   LINE      CODE     ---       #126
      00FF0E63H   LINE      CODE     ---       #129
      ---         BLOCKEND  ---      ---       LVL=0

      00FF0E7BH   BLOCK     CODE     NEAR LAB  LVL=0
      00FF0E7BH   LINE      CODE     ---       #144
      00FF0E7EH   LINE      CODE     ---       #147
      00FF0E81H   LINE      CODE     ---       #148
      00FF0E84H   LINE      CODE     ---       #151
      00FF0E87H   LINE      CODE     ---       #152
L251 LINKER/LOCATER V4.58                                                             11/03/2014  14:57:28  PAGE 14


      00FF0E8AH   LINE      CODE     ---       #175
      00FF0E8DH   LINE      CODE     ---       #178
      00FF0E90H   LINE      CODE     ---       #188
      00FF0E93H   LINE      CODE     ---       #190
      00FF0E95H   LINE      CODE     ---       #191
      00FF0E98H   LINE      CODE     ---       #192
      00FF0E9BH   LINE      CODE     ---       #194
      00FF0E9DH   LINE      CODE     ---       #195
      00FF0EA0H   LINE      CODE     ---       #196
      00FF0EA3H   LINE      CODE     ---       #201
      00FF0EA5H   LINE      CODE     ---       #202
      00FF0EA8H   LINE      CODE     ---       #203
      00FF0EABH   LINE      CODE     ---       #205
      00FF0EADH   LINE      CODE     ---       #206
      00FF0EB0H   LINE      CODE     ---       #207
      00FF0EB3H   LINE      CODE     ---       #229
      00FF0EB6H   LINE      CODE     ---       #263
      00FF0EB9H   LINE      CODE     ---       #265
      00FF0EBCH   LINE      CODE     ---       #267
      00FF0EBFH   LINE      CODE     ---       #269
      00FF0EC2H   LINE      CODE     ---       #270
      00FF0EC4H   LINE      CODE     ---       #273
      00FF0EC7H   LINE      CODE     ---       #274
      00FF0EC9H   LINE      CODE     ---       #277
      00FF0ECCH   LINE      CODE     ---       #278
      00FF0ECEH   LINE      CODE     ---       #280
      00FF0ED1H   LINE      CODE     ---       #281
      00FF0ED3H   LINE      CODE     ---       #307
      00FF0ED6H   LINE      CODE     ---       #308
      00FF0ED9H   LINE      CODE     ---       #310
      00FF0EDCH   LINE      CODE     ---       #311
      00FF0EDFH   LINE      CODE     ---       #313
      00FF0EE0H   LINE      CODE     ---       #318
      00FF0EE3H   LINE      CODE     ---       #320
      00FF0EE6H   LINE      CODE     ---       #321
      00FF0EE9H   LINE      CODE     ---       #322
      00FF0EECH   LINE      CODE     ---       #323
      00FF0EEFH   LINE      CODE     ---       #326
      00FF0EF2H   LINE      CODE     ---       #327
      00FF0EF5H   LINE      CODE     ---       #328
      00FF0EF8H   LINE      CODE     ---       #333
      00FF0EFBH   LINE      CODE     ---       #335
      00FF0EFCH   LINE      CODE     ---       #336
      00FF0EFEH   LINE      CODE     ---       #337
      00FF0F01H   LINE      CODE     ---       #338
      00FF0F04H   LINE      CODE     ---       #341
      00FF0F07H   LINE      CODE     ---       #342
      00FF0F09H   LINE      CODE     ---       #343
      00FF0F0AH   LINE      CODE     ---       #344
      00FF0F0DH   LINE      CODE     ---       #348
      00FF0F10H   LINE      CODE     ---       #350
      00FF0F12H   LINE      CODE     ---       #352
      00FF0F15H   LINE      CODE     ---       #354
      00FF0F18H   LINE      CODE     ---       #355
      00FF0F1AH   LINE      CODE     ---       #356
      00FF0F1DH   LINE      CODE     ---       #357
      00FF0F21H   LINE      CODE     ---       #358
      00FF0F24H   LINE      CODE     ---       #362
      00FF0F27H   LINE      CODE     ---       #364
      00FF0F2AH   LINE      CODE     ---       #365
      00FF0F2DH   LINE      CODE     ---       #366
      00FF0F2FH   LINE      CODE     ---       #367
      00FF0F33H   LINE      CODE     ---       #368
      00FF0F35H   LINE      CODE     ---       #371
      00FF0F38H   LINE      CODE     ---       #379
L251 LINKER/LOCATER V4.58                                                             11/03/2014  14:57:28  PAGE 15


      00FF0F3BH   LINE      CODE     ---       #380
      00FF0F3EH   LINE      CODE     ---       #381
      00FF0F3FH   LINE      CODE     ---       #389
      00FF0F41H   LINE      CODE     ---       #390
      00FF0F44H   LINE      CODE     ---       #391
      00FF0F46H   LINE      CODE     ---       #392
      00FF0F47H   LINE      CODE     ---       #400
      00FF0F4AH   LINE      CODE     ---       #401
      00FF0F4DH   LINE      CODE     ---       #402
      ---         BLOCKEND  ---      ---       LVL=0

      ---         MODULE    ---      ---       init
      00FF0129H   PUBLIC    CODE     ---       INIT_INT
      00FF015DH   PUBLIC    CODE     ---       INIT_SYSWDT
      00FF0006H   PUBLIC    CODE     ---       INIT_SYS
      00FF01B0H   PUBLIC    CODE     ---       WDT_CLR
      00FF01B7H   PUBLIC    CODE     ---       INIT_IO_PAD
      00FF019DH   PUBLIC    CODE     ---       INIT_F251WDT
      00FF010CH   PUBLIC    CODE     ---       INIT_CLK
      000000D0H   SFRSYM    DATA     BYTE      PSW
      000000A6H   SFRSYM    DATA     BYTE      WDTRST
      000000C8H   SFRSYM    DATA     BYTE      T2CON
      000000B8H   SFRSYM    DATA     BYTE      IPL
      000000A5H   SFRSYM    DATA     BYTE      WDTCON
      000000C0H   SFRSYM    DATA     BYTE      AIF
      000000E8H   SFRSYM    DATA     BYTE      AIE
      000000E0H   SFRSYM    DATA     BYTE      ACC
      00000088H   SFRSYM    DATA     BYTE      TCON
      000000F8H   SFRSYM    DATA     BYTE      AIPL
      000000D8H   SFRSYM    DATA     BYTE      CCON
      000000A8H.4 SFRSYM    DATA     BIT       ES
      000000A8H   SFRSYM    DATA     BYTE      IE
      000000A8H.7 SFRSYM    DATA     BIT       EA
      000000E8H.6 SFRSYM    DATA     BIT       AIE6
      000000E8H.5 SFRSYM    DATA     BIT       AIE5
      000000E8H.4 SFRSYM    DATA     BIT       AIE4
      000000B0H   SFRSYM    DATA     BYTE      P3
      000000E8H.3 SFRSYM    DATA     BIT       AIE3
      000000A0H   SFRSYM    DATA     BYTE      P2
      000000E8H.2 SFRSYM    DATA     BIT       AIE2
      00000090H   SFRSYM    DATA     BYTE      P1
      000000E8H.1 SFRSYM    DATA     BIT       AIE1
      00000080H   SFRSYM    DATA     BYTE      P0
      000000E8H   SFRSYM    DATA     BIT       AIE0

      00FF010CH   BLOCK     CODE     ---       LVL=0
      00FF010CH   LINE      CODE     ---       #74
      00FF010CH   LINE      CODE     ---       #76
      00FF0111H   LINE      CODE     ---       #77
      00FF0117H   LINE      CODE     ---       #78
      00FF011DH   LINE      CODE     ---       #79
      00FF0122H   LINE      CODE     ---       #80
      00FF0128H   LINE      CODE     ---       #89
      ---         BLOCKEND  ---      ---       LVL=0

      00FF015DH   BLOCK     CODE     ---       LVL=0
      00FF015DH   LINE      CODE     ---       #99
      00FF015DH   LINE      CODE     ---       #102
      00FF0163H   LINE      CODE     ---       #103
      00FF0169H   LINE      CODE     ---       #104
      00FF016FH   LINE      CODE     ---       #105
      ---         BLOCKEND  ---      ---       LVL=0

      00FF019DH   BLOCK     CODE     ---       LVL=0
      00FF019DH   LINE      CODE     ---       #113
L251 LINKER/LOCATER V4.58                                                             11/03/2014  14:57:28  PAGE 16


      00FF019DH   LINE      CODE     ---       #116
      00FF01A0H   LINE      CODE     ---       #117
      00FF01A6H   LINE      CODE     ---       #118
      ---         BLOCKEND  ---      ---       LVL=0

      00FF01B7H   BLOCK     CODE     ---       LVL=0
      00FF01B7H   LINE      CODE     ---       #127
      00FF01B7H   LINE      CODE     ---       #129
      00FF01BDH   LINE      CODE     ---       #131
      ---         BLOCKEND  ---      ---       LVL=0

      00FF0129H   BLOCK     CODE     ---       LVL=0
      00FF0129H   LINE      CODE     ---       #140
      00FF0129H   LINE      CODE     ---       #143
      00FF012BH   LINE      CODE     ---       #144
      00FF012DH   LINE      CODE     ---       #145
      00FF012FH   LINE      CODE     ---       #146
      00FF0131H   LINE      CODE     ---       #147
      00FF0133H   LINE      CODE     ---       #148
      00FF0135H   LINE      CODE     ---       #149
      00FF0137H   LINE      CODE     ---       #150
      00FF0139H   LINE      CODE     ---       #151
      00FF013BH   LINE      CODE     ---       #153
      00FF0140H   LINE      CODE     ---       #154
      00FF0144H   LINE      CODE     ---       #155
      ---         BLOCKEND  ---      ---       LVL=0

      00FF0006H   BLOCK     CODE     ---       LVL=0
      00FF0006H   LINE      CODE     ---       #163
      00FF0006H   LINE      CODE     ---       #166
      ---         BLOCKEND  ---      ---       LVL=0

      00FF01B0H   BLOCK     CODE     ---       LVL=0
      00FF01B0H   LINE      CODE     ---       #193
      00FF01B0H   LINE      CODE     ---       #196
      00FF01B6H   LINE      CODE     ---       #201
      ---         BLOCKEND  ---      ---       LVL=0

      ---         MODULE    ---      ---       trap
      00FF0188H   PUBLIC    CODE     ---       Timer0_ISR
      00FF01A7H   PUBLIC    CODE     ---       Timer1_ISR
      00FF01BEH   PUBLIC    CODE     ---       Timer2_ISR
      00FF0009H   PUBLIC    CODE     ---       Eint0_ISR
      00FF000AH   PUBLIC    CODE     ---       Eint1_ISR
      00FF000EH   PUBLIC    CODE     ---       Eint2_ISR
      00FF000FH   PUBLIC    CODE     ---       Eint3_ISR
      00FF0010H   PUBLIC    CODE     ---       nmi_ISR
      00FF0011H   PUBLIC    CODE     ---       Eint4_ISR
      00FF0012H   PUBLIC    CODE     ---       Eint5_ISR
      00FF0016H   PUBLIC    CODE     ---       Eint6_ISR
      00FF0017H   PUBLIC    CODE     ---       PCA_ISR
      00FF0018H   PUBLIC    CODE     ---       es_ISR
      00FF0019H   PUBLIC    CODE     ---       Int0_ISR
      00FF001AH   PUBLIC    CODE     ---       Int1_ISR
      000000D0H   SFRSYM    DATA     BYTE      PSW
      000000C8H   SFRSYM    DATA     BYTE      T2CON
      000000B8H   SFRSYM    DATA     BYTE      IPL
      00000088H.6 SFRSYM    DATA     BIT       TR1
      00000088H.4 SFRSYM    DATA     BIT       TR0
      000000C0H   SFRSYM    DATA     BYTE      AIF
      000000E8H   SFRSYM    DATA     BYTE      AIE
      000000C8H.7 SFRSYM    DATA     BIT       TF2
      00000088H.7 SFRSYM    DATA     BIT       TF1
      00000088H.5 SFRSYM    DATA     BIT       TF0
      000000A8H.1 SFRSYM    DATA     BIT       ET0
L251 LINKER/LOCATER V4.58                                                             11/03/2014  14:57:28  PAGE 17


      000000E0H   SFRSYM    DATA     BYTE      ACC
      00000088H   SFRSYM    DATA     BYTE      TCON
      000000F8H   SFRSYM    DATA     BYTE      AIPL
      000000D8H   SFRSYM    DATA     BYTE      CCON
      000000A8H   SFRSYM    DATA     BYTE      IE
      000000B0H   SFRSYM    DATA     BYTE      P3
      000000A0H   SFRSYM    DATA     BYTE      P2
      00000090H   SFRSYM    DATA     BYTE      P1
      00000080H   SFRSYM    DATA     BYTE      P0

      00FF0019H   BLOCK     CODE     ---       LVL=0
      00FF0019H   LINE      CODE     ---       #21
      00FF0019H   LINE      CODE     ---       #26
      ---         BLOCKEND  ---      ---       LVL=0

      00FF0188H   BLOCK     CODE     ---       LVL=0
      00FF0188H   LINE      CODE     ---       #36
      00FF018AH   LINE      CODE     ---       #39
      00FF018CH   LINE      CODE     ---       #42
      00FF018EH   LINE      CODE     ---       #43
      00FF0190H   LINE      CODE     ---       #44
      ---         BLOCKEND  ---      ---       LVL=0

      00FF001AH   BLOCK     CODE     ---       LVL=0
      00FF001AH   LINE      CODE     ---       #54
      00FF001AH   LINE      CODE     ---       #59
      ---         BLOCKEND  ---      ---       LVL=0

      00FF01A7H   BLOCK     CODE     ---       LVL=0
      00FF01A7H   LINE      CODE     ---       #69
      00FF01A9H   LINE      CODE     ---       #71
      00FF01ABH   LINE      CODE     ---       #74
      00FF01ADH   LINE      CODE     ---       #91
      ---         BLOCKEND  ---      ---       LVL=0

      00FF0018H   BLOCK     CODE     ---       LVL=0
      00FF0018H   LINE      CODE     ---       #101
      00FF0018H   LINE      CODE     ---       #104
      ---         BLOCKEND  ---      ---       LVL=0

      00FF01BEH   BLOCK     CODE     ---       LVL=0
      00FF01BEH   LINE      CODE     ---       #114
      00FF01C0H   LINE      CODE     ---       #116
      00FF01C2H   LINE      CODE     ---       #127
      ---         BLOCKEND  ---      ---       LVL=0

      00FF0017H   BLOCK     CODE     ---       LVL=0
      00FF0017H   LINE      CODE     ---       #136
      00FF0017H   LINE      CODE     ---       #192
      ---         BLOCKEND  ---      ---       LVL=0

      00FF0010H   BLOCK     CODE     ---       LVL=0
      00FF0010H   LINE      CODE     ---       #201
      00FF0010H   LINE      CODE     ---       #213
      ---         BLOCKEND  ---      ---       LVL=0

      00FF0009H   BLOCK     CODE     ---       LVL=0
      00FF0009H   LINE      CODE     ---       #223
      00FF0009H   LINE      CODE     ---       #226
      ---         BLOCKEND  ---      ---       LVL=0

      00FF000AH   BLOCK     CODE     ---       LVL=0
      00FF000AH   LINE      CODE     ---       #235
      00FF000AH   LINE      CODE     ---       #238
      ---         BLOCKEND  ---      ---       LVL=0
L251 LINKER/LOCATER V4.58                                                             11/03/2014  14:57:28  PAGE 18



      00FF000EH   BLOCK     CODE     ---       LVL=0
      00FF000EH   LINE      CODE     ---       #249
      00FF000EH   LINE      CODE     ---       #252
      ---         BLOCKEND  ---      ---       LVL=0

      00FF000FH   BLOCK     CODE     ---       LVL=0
      00FF000FH   LINE      CODE     ---       #262
      00FF000FH   LINE      CODE     ---       #265
      ---         BLOCKEND  ---      ---       LVL=0

      00FF0011H   BLOCK     CODE     ---       LVL=0
      00FF0011H   LINE      CODE     ---       #275
      00FF0011H   LINE      CODE     ---       #278
      ---         BLOCKEND  ---      ---       LVL=0

      00FF0012H   BLOCK     CODE     ---       LVL=0
      00FF0012H   LINE      CODE     ---       #288
      00FF0012H   LINE      CODE     ---       #291
      ---         BLOCKEND  ---      ---       LVL=0

      00FF0016H   BLOCK     CODE     ---       LVL=0
      00FF0016H   LINE      CODE     ---       #301
      00FF0016H   LINE      CODE     ---       #304
      ---         BLOCKEND  ---      ---       LVL=0

      ---         MODULE    ---      ---       uart
      00FF00E8H   PUBLIC    CODE     ---       INIT_UART_PAD
      00FF0145H   PUBLIC    CODE     ---       INIT_UART01
      00FF0170H   PUBLIC    CODE     ---       UartRec_0
      00FF017CH   PUBLIC    CODE     ---       UartTx_0
      000000D0H   SFRSYM    DATA     BYTE      PSW
      000000C8H   SFRSYM    DATA     BYTE      T2CON
      000000B8H   SFRSYM    DATA     BYTE      IPL
      000000C0H   SFRSYM    DATA     BYTE      AIF
      000000E8H   SFRSYM    DATA     BYTE      AIE
      000000E0H   SFRSYM    DATA     BYTE      ACC
      00000088H   SFRSYM    DATA     BYTE      TCON
      000000F8H   SFRSYM    DATA     BYTE      AIPL
      000000D8H   SFRSYM    DATA     BYTE      CCON
      000000A8H   SFRSYM    DATA     BYTE      IE
      000000B0H   SFRSYM    DATA     BYTE      P3
      000000A0H   SFRSYM    DATA     BYTE      P2
      00000090H   SFRSYM    DATA     BYTE      P1
      00000080H   SFRSYM    DATA     BYTE      P0

      00FF00E8H   BLOCK     CODE     ---       LVL=0
      00FF00E8H   LINE      CODE     ---       #9
      00FF00E8H   LINE      CODE     ---       #12
      00FF00EFH   LINE      CODE     ---       #13
      00FF00F6H   LINE      CODE     ---       #14
      00FF00FDH   LINE      CODE     ---       #15
      00FF0104H   LINE      CODE     ---       #16
      00FF010BH   LINE      CODE     ---       #18
      ---         BLOCKEND  ---      ---       LVL=0

      00FF0145H   BLOCK     CODE     ---       LVL=0
      00FF0145H   LINE      CODE     ---       #26
      00FF0145H   LINE      CODE     ---       #30
      00FF014BH   LINE      CODE     ---       #31
      00FF0151H   LINE      CODE     ---       #33
      00FF0156H   LINE      CODE     ---       #35
      00FF015CH   LINE      CODE     ---       #73
      ---         BLOCKEND  ---      ---       LVL=0

L251 LINKER/LOCATER V4.58                                                             11/03/2014  14:57:28  PAGE 19


      00FF017CH   BLOCK     CODE     ---       LVL=0
      R11         REGSYM    ---      BYTE      Value
      00FF017CH   LINE      CODE     ---       #84
      00FF017CH   LINE      CODE     ---       #87
      00FF0180H   LINE      CODE     ---       #88
      00FF0187H   LINE      CODE     ---       #90
      ---         BLOCKEND  ---      ---       LVL=0

      00FF0170H   BLOCK     CODE     ---       LVL=0
      R11         REGSYM    ---      BYTE      i
      00FF0170H   LINE      CODE     ---       #110
      00FF0170H   LINE      CODE     ---       #111
      00FF0170H   LINE      CODE     ---       #113
      00FF0177H   LINE      CODE     ---       #114
      00FF017BH   LINE      CODE     ---       #115
      00FF017BH   LINE      CODE     ---       #116
      ---         BLOCKEND  ---      ---       LVL=0



*** WARNING L16: UNCALLED FUNCTION, IGNORED FOR OVERLAY PROCESS
    NAME:    INIT_F251WDT/init

Program Size: data=11.0 edata+hdata=256 xdata=0 const=0 code=706
L251 RUN COMPLETE.  1 WARNING(S),  0 ERROR(S)
